
tommy@DESKTOP-0CE30FL MINGW64 ~/alx-system_engineering-devops/0x02-shell_redirections (main)
$ cat > 17-hidethisword
#!/bin/bash
grep -i -v "bin" /etc/passwd

tommy@DESKTOP-0CE30FL MINGW64 ~/alx-system_engineering-devops/0x02-shell_redirections (main)
$ git add --chmod=+x == 17-hidethisword
fatal: pathspec '==' did not match any files
g
tommy@DESKTOP-0CE30FL MINGW64 ~/alx-system_engineering-devops/0x02-shell_redirections (main)
$ git add --chmod=+x -- 17-hidethisword
warning: LF will be replaced by CRLF in 0x02-shell_redirections/17-hidethisword.
The file will have its original line endings in your working directory

tommy@DESKTOP-0CE30FL MINGW64 ~/alx-system_engineering-devops/0x02-shell_redirections (main)
$ git update-index --chmod +x 17-hidethisword

tommy@DESKTOP-0CE30FL MINGW64 ~/alx-system_engineering-devops/0x02-shell_redirections (main)
$ git add .
g
tommy@DESKTOP-0CE30FL MINGW64 ~/alx-system_engineering-devops/0x02-shell_redirections (main)
$ git commit -m "Script that displays all the lines that don't contain "bin" "[main 03fa935] Script that displays all the lines that don't contain bin
 1 file changed, 2 insertions(+)
 create mode 100755 0x02-shell_redirections/17-hidethisword

tommy@DESKTOP-0CE30FL MINGW64 ~/alx-system_engineering-devops/0x02-shell_redirections (main)
$ git push
Enumerating objects: 6, done.
Counting objects: 100% (6/6), done.
Delta compression using up to 4 threads
Compressing objects: 100% (3/3), done.
Writing objects: 100% (4/4), 410 bytes | 410.00 KiB/s, done.
Total 4 (delta 2), reused 0 (delta 0), pack-reused 0
remote: Resolving deltas: 100% (2/2), completed with 2 local objects.
To https://github.com/Adhaywe/alx-system_engineering-devops.git
   4876ab2..03fa935  main -> main

tommy@DESKTOP-0CE30FL MINGW64 ~/alx-system_engineering-devops/0x02-shell_redirections (main)
$ cat > 18-letteronly
#!/bin/bash
grep -i "^[a-z]"

tommy@DESKTOP-0CE30FL MINGW64 ~/alx-system_engineering-devops/0x02-shell_redirections (main)
$ git add --chmod=+x -- 18-letteronly
warning: LF will be replaced by CRLF in 0x02-shell_redirections/18-letteronly.
The file will have its original line endings in your working directory

tommy@DESKTOP-0CE30FL MINGW64 ~/alx-system_engineering-devops/0x02-shell_redirections (main)
$ git update-index --chmod +x 18-letteronly

tommy@DESKTOP-0CE30FL MINGW64 ~/alx-system_engineering-devops/0x02-shell_redirections (main)
$ git add .
g
tommy@DESKTOP-0CE30FL MINGW64 ~/alx-system_engineering-devops/0x02-shell_redirections (main)
$ git commit -m "Script that display lines of a file starting with a letter"
[main e52d4a9] Script that display lines of a file starting with a letter
 1 file changed, 2 insertions(+)
 create mode 100755 0x02-shell_redirections/18-letteronly

tommy@DESKTOP-0CE30FL MINGW64 ~/alx-system_engineering-devops/0x02-shell_redirections (main)
$ git push
Enumerating objects: 6, done.
Counting objects: 100% (6/6), done.
Delta compression using up to 4 threads
Compressing objects: 100% (3/3), done.
Writing objects: 100% (4/4), 399 bytes | 399.00 KiB/s, done.
Total 4 (delta 2), reused 0 (delta 0), pack-reused 0
remote: Resolving deltas: 100% (2/2), completed with 2 local objects.
To https://github.com/Adhaywe/alx-system_engineering-devops.git
   03fa935..e52d4a9  main -> main

tommy@DESKTOP-0CE30FL MINGW64 ~/alx-system_engineering-devops/0x02-shell_redirections (main)
$ cat 18-letteronly
#!/bin/bash
grep -i "^[a-z]"

tommy@DESKTOP-0CE30FL MINGW64 ~/alx-system_engineering-devops/0x02-shell_redirections (main)
$

tommy@DESKTOP-0CE30FL MINGW64 ~/alx-system_engineering-devops/0x02-shell_redirections (main)
$ cat > 18-letteronly
#!/bin/bash
grep -i "^[a-z]" /etc/ssh/sshd_config

tommy@DESKTOP-0CE30FL MINGW64 ~/alx-system_engineering-devops/0x02-shell_redirections (main)
$ git add --chmod=+x -- 18-letteronly
warning: LF will be replaced by CRLF in 0x02-shell_redirections/18-letteronly.
The file will have its original line endings in your working directory

tommy@DESKTOP-0CE30FL MINGW64 ~/alx-system_engineering-devops/0x02-shell_redirections (main)
$ git update-index --chmod +x 18-letteronly
tommy@DESKTOP-0CE30FL MINGW64 ~/alx-system_engineering-devops/0x02-shell_redirections (main)
$ git add .

tommy@DESKTOP-0CE30FL MINGW64 ~/alx-system_engineering-devops/0x02-shell_redirections (main)
$ git commit -m "Script that display lines of a file starting with a letter"
[main bdcc75b] Script that display lines of a file starting with a letter
 1 file changed, 1 insertion(+), 1 deletion(-)
tommy@DESKTOP-0CE30FL MINGW64 ~/alx-system_engineering-devops/0x02-shell_redirections (main)
$ git push
Enumerating objects: 7, done.
Counting objects: 100% (7/7), done.
Delta compression using up to 4 threads
Compressing objects: 100% (4/4), done.
Writing objects: 100% (4/4), 400 bytes | 400.00 KiB/s, done.
Total 4 (delta 2), reused 0 (delta 0), pack-reused 0
remote: Resolving deltas: 100% (2/2), completed with 2 local objects.
To https://github.com/Adhaywe/alx-system_engineering-devops.git
   e52d4a9..bdcc75b  main -> main

tommy@DESKTOP-0CE30FL MINGW64 ~/alx-system_engineering-devops/0x02-shell_redirections (main)
$ cat > 19-AZ
#!/bin/bash
tr "A" "Z" | "c" "e"

tommy@DESKTOP-0CE30FL MINGW64 ~/alx-system_engineering-devops/0x02-shell_redirections (main)
$ git add --chmod=+x -- 19-AZ

tommy@DESKTOP-0CE30FL MINGW64 ~/alx-system_engineering-devops/0x02-shell_redirections (main)
$ git update-index --chmod +x 19-AZ

tommy@DESKTOP-0CE30FL MINGW64 ~/alx-system_engineering-devops/0x02-shell_redirections (main)
$ git add .

tommy@DESKTOP-0CE30FL MINGW64 ~/alx-system_engineering-devops/0x02-shell_redirections (main)
$ git commit -m "Script to replace characters A and c to Z and e resp"
[main 55374ae] Script to replace characters A and c to Z and e resp
 1 file changed, 2 insertions(+)
 create mode 100755 0x02-shell_redirections/19-AZ
g
tommy@DESKTOP-0CE30FL MINGW64 ~/alx-system_engineering-devops/0x02-shell_redirections (main)
$ git push
Enumerating objects: 6, done.
Counting objects: 100% (6/6), done.
Delta compression using up to 4 threads
Compressing objects: 100% (3/3), done.
Writing objects: 100% (4/4), 384 bytes | 384.00 KiB/s, done.
Total 4 (delta 2), reused 0 (delta 0), pack-reused 0
remote: Resolving deltas: 100% (2/2), completed with 2 local objects.
To https://github.com/Adhaywe/alx-system_engineering-devops.git
   bdcc75b..55374ae  main -> main

tommy@DESKTOP-0CE30FL MINGW64 ~/alx-system_engineering-devops/0x02-shell_redirections (main)
$ cat 19-AZ
#!/bin/bash
tr "A" "Z" | "c" "e"

tommy@DESKTOP-0CE30FL MINGW64 ~/alx-system_engineering-devops/0x02-shell_redirections (main)
$ cat > 19-AZ
#!/bin/bash
tr "A" "Z" | "c" "e"

tommy@DESKTOP-0CE30FL MINGW64 ~/alx-system_engineering-devops/0x02-shell_redirections (main)
$ cat > 19-AZ
#!/bin/bash
tr "A" "Z" | tr "c" "e"
